// Jest Snapshot v1, https://goo.gl/fbAQLP

exports[`ManualProjectEntryForm renders form when visible 1`] = `
<Modal
  animationType="slide"
  onRequestClose={[MockFunction]}
  presentationStyle="fullScreen"
  visible={true}
>
  <View
    className="flex-1 bg-background"
  >
    <View
      className="px-6 py-4 flex-row items-center justify-between border-b border-border"
    >
      <Text
        className="text-2xl font-bold text-foreground"
      >
        New Project
      </Text>
      <View
        accessibilityState={
          {
            "busy": undefined,
            "checked": undefined,
            "disabled": undefined,
            "expanded": undefined,
            "selected": undefined,
          }
        }
        accessibilityValue={
          {
            "max": undefined,
            "min": undefined,
            "now": undefined,
            "text": undefined,
          }
        }
        accessible={true}
        className="p-2"
        collapsable={false}
        focusable={true}
        onBlur={[Function]}
        onClick={[Function]}
        onFocus={[Function]}
        onResponderGrant={[Function]}
        onResponderMove={[Function]}
        onResponderRelease={[Function]}
        onResponderTerminate={[Function]}
        onResponderTerminationRequest={[Function]}
        onStartShouldSetResponder={[Function]}
      >
        <RNSVGSvgView
          align="xMidYMid"
          bbHeight={24}
          bbWidth={24}
          className="text-foreground"
          fill="none"
          focusable={false}
          height={24}
          meetOrSlice={0}
          minX={0}
          minY={0}
          stroke="currentColor"
          strokeLinecap="round"
          strokeLinejoin="round"
          strokeWidth={2}
          style={
            [
              {
                "backgroundColor": "transparent",
                "borderWidth": 0,
              },
              {
                "flex": 0,
                "height": 24,
                "width": 24,
              },
            ]
          }
          vbHeight={24}
          vbWidth={24}
          width={24}
          xmlns="http://www.w3.org/2000/svg"
        >
          <RNSVGGroup
            fill={null}
            propList={
              [
                "fill",
                "stroke",
                "strokeWidth",
                "strokeLinecap",
                "strokeLinejoin",
              ]
            }
            stroke={
              {
                "type": 2,
              }
            }
            strokeLinecap={1}
            strokeLinejoin={1}
            strokeWidth={2}
          >
            <RNSVGPath
              d="M18 6 6 18"
              fill={null}
              propList={
                [
                  "fill",
                  "stroke",
                  "strokeWidth",
                  "strokeLinecap",
                  "strokeLinejoin",
                ]
              }
              stroke={
                {
                  "type": 2,
                }
              }
              strokeLinecap={1}
              strokeLinejoin={1}
              strokeWidth={2}
            />
            <RNSVGPath
              d="m6 6 12 12"
              fill={null}
              propList={
                [
                  "fill",
                  "stroke",
                  "strokeWidth",
                  "strokeLinecap",
                  "strokeLinejoin",
                ]
              }
              stroke={
                {
                  "type": 2,
                }
              }
              strokeLinecap={1}
              strokeLinejoin={1}
              strokeWidth={2}
            />
          </RNSVGGroup>
        </RNSVGSvgView>
      </View>
    </View>
    <RCTScrollView
      className="flex-1 p-6"
    >
      <View>
        <View
          className="mb-4"
        >
          <Text
            className="mb-1 font-semibold text-foreground"
          >
            Name *
          </Text>
          <TextInput
            className="border border-border rounded p-2 bg-card text-foreground"
            onChangeText={[Function]}
            placeholder="Project name"
            value=""
          />
        </View>
        <View
          className="mb-4"
        >
          <Text
            className="mb-1 font-semibold text-foreground"
          >
            Address *
          </Text>
          <TextInput
            className="border border-border rounded p-2 bg-card text-foreground"
            onChangeText={[Function]}
            placeholder="Property address"
            value=""
          />
        </View>
        <View
          className="mb-4"
        >
          <Text
            className="mb-1 font-semibold text-foreground"
          >
            Description
          </Text>
          <TextInput
            className="border border-border rounded p-2 bg-card text-foreground"
            multiline={true}
            numberOfLines={3}
            onChangeText={[Function]}
            placeholder="Project description"
            value=""
          />
        </View>
        <View
          className="mb-4"
        >
          <Text
            className="mb-1 font-semibold text-foreground"
          >
            Project Owner
          </Text>
          <View
            style={
              {
                "position": "relative",
                "zIndex": 1,
              }
            }
          >
            <Text
              style={
                {
                  "marginBottom": 6,
                }
              }
            >
              Project Owner
            </Text>
            <TextInput
              className="border border-border rounded p-2 bg-card text-foreground"
              onBlur={[Function]}
              onChangeText={[Function]}
              onFocus={[Function]}
              placeholder="Search contacts"
              value=""
            />
          </View>
        </View>
        <View
          className="mb-4"
        >
          <Text
            className="mb-1 font-semibold text-foreground"
          >
            Team
          </Text>
          <View
            style={
              {
                "position": "relative",
                "zIndex": 1,
              }
            }
          >
            <Text
              style={
                {
                  "marginBottom": 6,
                }
              }
            >
              Team
            </Text>
            <TextInput
              className="border border-border rounded p-2 bg-card text-foreground"
              onBlur={[Function]}
              onChangeText={[Function]}
              onFocus={[Function]}
              placeholder="Search teams"
              value=""
            />
          </View>
        </View>
        <View
          className="mb-4"
        >
          <Text
            className="mb-1 font-semibold text-foreground"
          >
            Start Date
          </Text>
          <View>
            <Text>
              Start Date
            </Text>
            <TextInput
              onChangeText={[Function]}
              placeholder="YYYY-MM-DD"
              value=""
            />
          </View>
        </View>
        <View
          className="mb-4"
        >
          <Text
            className="mb-1 font-semibold text-foreground"
          >
            End Date
          </Text>
          <View>
            <Text>
              End Date
            </Text>
            <TextInput
              onChangeText={[Function]}
              placeholder="YYYY-MM-DD"
              value=""
            />
          </View>
        </View>
        <View
          className="mb-4"
        >
          <Text
            className="mb-1 font-semibold text-foreground"
          >
            Budget
          </Text>
          <TextInput
            className="border border-border rounded p-2 bg-card text-foreground"
            keyboardType="numeric"
            onChangeText={[Function]}
            placeholder="0.00"
            value=""
          />
        </View>
        <View
          className="mb-4"
        >
          <Text
            className="mb-1 font-semibold text-foreground"
          >
            Priority
          </Text>
          <View
            className="flex-row gap-2"
          >
            <View
              accessibilityRole="button"
              accessibilityState={
                {
                  "busy": undefined,
                  "checked": undefined,
                  "disabled": undefined,
                  "expanded": undefined,
                  "selected": undefined,
                }
              }
              accessibilityValue={
                {
                  "max": undefined,
                  "min": undefined,
                  "now": undefined,
                  "text": undefined,
                }
              }
              accessible={true}
              collapsable={false}
              focusable={true}
              onClick={[Function]}
              onResponderGrant={[Function]}
              onResponderMove={[Function]}
              onResponderRelease={[Function]}
              onResponderTerminate={[Function]}
              onResponderTerminationRequest={[Function]}
              onStartShouldSetResponder={[Function]}
              style={
                {
                  "opacity": 1,
                }
              }
            >
              <View
                style={
                  [
                    {},
                  ]
                }
              >
                <Text
                  style={
                    [
                      {
                        "color": "#007AFF",
                        "fontSize": 18,
                        "margin": 8,
                        "textAlign": "center",
                      },
                      {
                        "color": "#007AFF",
                      },
                    ]
                  }
                >
                  Low
                </Text>
              </View>
            </View>
            <View
              accessibilityRole="button"
              accessibilityState={
                {
                  "busy": undefined,
                  "checked": undefined,
                  "disabled": undefined,
                  "expanded": undefined,
                  "selected": undefined,
                }
              }
              accessibilityValue={
                {
                  "max": undefined,
                  "min": undefined,
                  "now": undefined,
                  "text": undefined,
                }
              }
              accessible={true}
              collapsable={false}
              focusable={true}
              onClick={[Function]}
              onResponderGrant={[Function]}
              onResponderMove={[Function]}
              onResponderRelease={[Function]}
              onResponderTerminate={[Function]}
              onResponderTerminationRequest={[Function]}
              onStartShouldSetResponder={[Function]}
              style={
                {
                  "opacity": 1,
                }
              }
            >
              <View
                style={
                  [
                    {},
                  ]
                }
              >
                <Text
                  style={
                    [
                      {
                        "color": "#007AFF",
                        "fontSize": 18,
                        "margin": 8,
                        "textAlign": "center",
                      },
                      {
                        "color": "#8E8E93",
                      },
                    ]
                  }
                >
                  Medium
                </Text>
              </View>
            </View>
            <View
              accessibilityRole="button"
              accessibilityState={
                {
                  "busy": undefined,
                  "checked": undefined,
                  "disabled": undefined,
                  "expanded": undefined,
                  "selected": undefined,
                }
              }
              accessibilityValue={
                {
                  "max": undefined,
                  "min": undefined,
                  "now": undefined,
                  "text": undefined,
                }
              }
              accessible={true}
              collapsable={false}
              focusable={true}
              onClick={[Function]}
              onResponderGrant={[Function]}
              onResponderMove={[Function]}
              onResponderRelease={[Function]}
              onResponderTerminate={[Function]}
              onResponderTerminationRequest={[Function]}
              onStartShouldSetResponder={[Function]}
              style={
                {
                  "opacity": 1,
                }
              }
            >
              <View
                style={
                  [
                    {},
                  ]
                }
              >
                <Text
                  style={
                    [
                      {
                        "color": "#007AFF",
                        "fontSize": 18,
                        "margin": 8,
                        "textAlign": "center",
                      },
                      {
                        "color": "#8E8E93",
                      },
                    ]
                  }
                >
                  High
                </Text>
              </View>
            </View>
          </View>
        </View>
        <View
          className="mb-4"
        >
          <Text
            className="mb-1 font-semibold text-foreground"
          >
            Notes
          </Text>
          <TextInput
            className="border border-border rounded p-2 bg-card text-foreground"
            multiline={true}
            numberOfLines={4}
            onChangeText={[Function]}
            placeholder="Additional notes"
            value=""
          />
        </View>
        <View
          className="flex-row justify-end mt-6 mb-4"
        >
          <View
            accessibilityRole="button"
            accessibilityState={
              {
                "busy": undefined,
                "checked": undefined,
                "disabled": undefined,
                "expanded": undefined,
                "selected": undefined,
              }
            }
            accessibilityValue={
              {
                "max": undefined,
                "min": undefined,
                "now": undefined,
                "text": undefined,
              }
            }
            accessible={true}
            collapsable={false}
            focusable={true}
            onClick={[Function]}
            onResponderGrant={[Function]}
            onResponderMove={[Function]}
            onResponderRelease={[Function]}
            onResponderTerminate={[Function]}
            onResponderTerminationRequest={[Function]}
            onStartShouldSetResponder={[Function]}
            style={
              {
                "opacity": 1,
              }
            }
          >
            <View
              style={
                [
                  {},
                ]
              }
            >
              <Text
                style={
                  [
                    {
                      "color": "#007AFF",
                      "fontSize": 18,
                      "margin": 8,
                      "textAlign": "center",
                    },
                    {
                      "color": "#8E8E93",
                    },
                  ]
                }
              >
                Cancel
              </Text>
            </View>
          </View>
          <View
            style={
              {
                "width": 12,
              }
            }
          />
          <View
            accessibilityRole="button"
            accessibilityState={
              {
                "busy": undefined,
                "checked": undefined,
                "disabled": true,
                "expanded": undefined,
                "selected": undefined,
              }
            }
            accessibilityValue={
              {
                "max": undefined,
                "min": undefined,
                "now": undefined,
                "text": undefined,
              }
            }
            accessible={true}
            collapsable={false}
            focusable={false}
            onClick={[Function]}
            onResponderGrant={[Function]}
            onResponderMove={[Function]}
            onResponderRelease={[Function]}
            onResponderTerminate={[Function]}
            onResponderTerminationRequest={[Function]}
            onStartShouldSetResponder={[Function]}
            style={
              {
                "opacity": 1,
              }
            }
          >
            <View
              style={
                [
                  {},
                  {},
                ]
              }
            >
              <Text
                disabled={true}
                style={
                  [
                    {
                      "color": "#007AFF",
                      "fontSize": 18,
                      "margin": 8,
                      "textAlign": "center",
                    },
                    {
                      "color": "#cdcdcd",
                    },
                  ]
                }
              >
                Save
              </Text>
            </View>
          </View>
        </View>
      </View>
    </RCTScrollView>
  </View>
</Modal>
`;
